RAM Allocation [bytes]
Variable                                                                          Address   Size
------------------------------------------------------------------------------------------------
_base_y                                                                           0x026A       4
_lcd_maxx                                                                         0x026E       1

EEPROM Allocation [bytes]
Variable                                                                          Address   Size
------------------------------------------------------------------------------------------------

Register Allocation
Variable                                                                          Register  Size
------------------------------------------------------------------------------------------------
minutes                                                                           R4,R5        2
hour                                                                              R6,R7        2
tenth                                                                             R8,R9        2
sec                                                                               R10,R11      2
_lcd_x                                                                            R13          1
_lcd_y                                                                            R12          1

FLASH Allocation [words]
Function                                                                          Address   Size
------------------------------------------------------------------------------------------------
timer1_compa_isr                                                                  0x0007E     53
main                                                                              0x000B3     77
put_buff_G100                                                                     0x00100     64
_print_G100                                                                       0x00140    308
sprintf                                                                           0x00274     52
_lcd_write_nibble_G101                                                            0x002A8     20
_lcd_write_data                                                                   0x002BC     12
lcd_gotoxy                                                                        0x002C8     13
lcd_clear                                                                         0x002D5     12
lcd_putchar                                                                       0x002E1     23
lcd_puts                                                                          0x002F8     17
lcd_init                                                                          0x00309     47
strlen                                                                            0x00338     12
strlenf                                                                           0x00344     13
